[2/2/2026, 11:42:19] POST /api/v2/users/login 500 1034 - 10.020 ms
[2/2/2026, 11:42:30] GET /api/v2/sfdgsdgdsgsddsgsdf 404 927 - 2.038 ms
[2/2/2026, 11:44:55] GET /api/v2/sfdgsdgdsgsddsgsdf 404 1017 - 9.785 ms
[2/2/2026, 11:45:50] GET /api/v2/sfdgsdgdsgsddsgsdf 404 1011 - 17.077 ms
[2/2/2026, 11:45:54] GET /api/v2/sfdgsdgdsgsddsgsdf 404 1011 - 2.130 ms
[2/2/2026, 11:47:11] GET /api/v2/sfdgsdgdsgsddsgsdf 404 157 - 17.383 ms
[3/2/2026, 19:27:29] GET /users/views 302 47 - 5.794 ms
[3/2/2026, 19:27:29] GET /users/views/login 200 3957 - 31.292 ms
[3/2/2026, 19:27:33] POST /users/views/login 200 4109 - 124.602 ms
[3/2/2026, 19:38:37] GET /enrollments/views 302 47 - 21.447 ms
[3/2/2026, 19:38:37] GET /users/views/login 304 - - 54.265 ms
[3/2/2026, 19:38:46] GET /users/views 302 47 - 1.460 ms
[3/2/2026, 19:38:46] GET /users/views/login 304 - - 21.737 ms
[3/2/2026, 19:38:48] GET /courses/views 302 47 - 3.827 ms
[3/2/2026, 19:38:48] GET /users/views/login 304 - - 27.569 ms
[3/2/2026, 19:39:03] GET /users/views/register 304 - - 23.497 ms
[3/2/2026, 19:39:14] GET /enrollments/views 302 47 - 0.969 ms
[3/2/2026, 19:39:14] GET /users/views/login 304 - - 21.578 ms
[3/2/2026, 19:39:15] GET /courses/views 302 47 - 0.472 ms
[3/2/2026, 19:39:15] GET /users/views/login 304 - - 11.791 ms
[3/2/2026, 19:39:17] GET /courses/views 302 47 - 0.425 ms
[3/2/2026, 19:39:17] GET /users/views/login 304 - - 9.135 ms
[3/2/2026, 19:39:17] GET /courses/views 302 47 - 0.421 ms
[3/2/2026, 19:39:17] GET /users/views/login 304 - - 3.865 ms
[3/2/2026, 19:39:20] GET /enrollments/views 302 47 - 1.817 ms
[3/2/2026, 19:39:20] GET /users/views/login 304 - - 12.314 ms
[3/2/2026, 19:39:21] GET /enrollments/views 302 47 - 0.783 ms
[3/2/2026, 19:39:21] GET /users/views/login 304 - - 11.608 ms
[3/2/2026, 19:39:21] GET /enrollments/views 302 47 - 0.425 ms
[3/2/2026, 19:39:21] GET /users/views/login 304 - - 1.091 ms
[3/2/2026, 19:39:22] GET /enrollments/views 302 47 - 1.120 ms
[3/2/2026, 19:39:22] GET /users/views/login 304 - - 12.146 ms
[3/2/2026, 19:39:22] GET /enrollments/views 302 47 - 0.490 ms
[3/2/2026, 19:39:22] GET /users/views/login 304 - - 1.350 ms
[3/2/2026, 19:39:22] GET /enrollments/views 302 47 - 0.416 ms
[3/2/2026, 19:39:22] GET /users/views/login 304 - - 1.823 ms
[3/2/2026, 19:39:22] GET /enrollments/views 302 47 - 0.366 ms
[3/2/2026, 19:39:22] GET /users/views/login 304 - - 1.038 ms
[3/2/2026, 19:39:23] GET /enrollments/views 302 47 - 0.541 ms
[3/2/2026, 19:39:23] GET /users/views/login 304 - - 11.287 ms
[3/2/2026, 19:40:18] POST /users/views/login 302 41 - 218.498 ms
[3/2/2026, 19:40:18] GET /users/views 200 10896 - 183.803 ms
[3/2/2026, 19:40:33] DELETE /users/views/697de914a604bb0a5b185c7a?_method=DELETE 302 41 - 162.523 ms
[3/2/2026, 19:40:33] GET /users/views 200 10167 - 159.358 ms
[3/2/2026, 19:40:37] GET /users/views/show/697de914a604bb0a5b185c71 200 3269 - 146.938 ms
[3/2/2026, 19:40:42] GET /users/views/edit/697de914a604bb0a5b185c71 200 3999 - 137.538 ms
[3/2/2026, 19:40:51] PUT /users/views/697de914a604bb0a5b185c71?_method=PUT 302 41 - 130.945 ms
[3/2/2026, 19:40:51] GET /users/views 200 10176 - 145.994 ms
[3/2/2026, 19:40:56] GET /users/views/new 200 6976 - 22.255 ms
[3/2/2026, 19:41:00] GET /users/views - - - - ms
[3/2/2026, 19:41:00] GET /enrollments/views 200 3536 - 280.242 ms
[3/2/2026, 19:41:02] GET /enrollments/views/69807a723035666090a9ccea 200 3706 - 278.262 ms
[3/2/2026, 19:41:07] GET /enrollments/views 304 - - 259.261 ms
[3/2/2026, 19:41:08] GET /courses/views 200 5125 - 137.119 ms
[3/2/2026, 19:41:12] GET /enrollments/views 304 - - 252.644 ms
[3/2/2026, 19:41:15] GET /courses/views 304 - - 151.294 ms
[3/2/2026, 19:41:20] GET /users/views 200 10176 - 148.820 ms
[3/2/2026, 19:41:22] GET /courses/views 304 - - 142.883 ms
[3/2/2026, 19:41:43] GET /users/views 304 - - 164.890 ms
[3/2/2026, 19:41:48] GET /enrollments/views 304 - - 285.399 ms
[3/2/2026, 19:41:51] GET /users/views 304 - - 148.268 ms
[3/2/2026, 19:41:55] GET /enrollments/views 304 - - 266.686 ms
[3/2/2026, 19:42:24] GET /users/views 200 10056 - 163.983 ms
[3/2/2026, 19:42:27] GET /courses/views 200 5091 - 165.786 ms
[3/2/2026, 19:42:30] GET /users/views/logout 302 47 - 19.711 ms
[3/2/2026, 19:42:30] GET /users/views/login 200 3813 - 29.441 ms
[3/2/2026, 19:42:55] POST /users/views/login 302 41 - 196.145 ms
[3/2/2026, 19:42:55] GET /users/views 200 7928 - 151.602 ms
[3/2/2026, 19:43:00] GET /users/views/logout 302 47 - 3.941 ms
[3/2/2026, 19:43:00] GET /users/views/login 200 3813 - 15.723 ms
[3/2/2026, 19:43:41] POST /users/views/login 302 41 - 194.606 ms
[3/2/2026, 19:43:41] GET /users/views 200 6667 - 179.763 ms
[3/2/2026, 19:43:46] GET /users/views/logout 302 47 - 7.741 ms
[3/2/2026, 19:43:46] GET /users/views/login 200 3813 - 28.495 ms
[4/2/2026, 16:43:41] GET /users/views 302 47 - 13.775 ms
[4/2/2026, 16:43:41] GET /users/views/login 304 - - 30.814 ms
[4/2/2026, 16:44:05] GET /courses/views 302 47 - 0.809 ms
[4/2/2026, 16:44:05] GET /users/views/login 304 - - 16.592 ms
[4/2/2026, 16:44:07] GET /enrollments/views 302 47 - 0.661 ms
[4/2/2026, 16:44:07] GET /users/views/login 304 - - 9.741 ms
[4/2/2026, 16:45:04] POST /users/views/login 302 41 - 414.620 ms
[4/2/2026, 16:45:04] GET /users/views 200 10056 - 150.303 ms
[36m[4/2/2026, 16:46:57][0m [36m[1mGET[0m /users/views/show/697de914a604bb0a5b185c72 [33m[32m[1m200[0m[0m 3268 [1m222.267 ms[0m
[4/2/2026, 16:48:08] GET /users/views/edit/697de914a604bb0a5b185c72 200 4007 - 169.249 ms
[4/2/2026, 20:28:47] POST /api/v2/users/register 400 234 - 40.533 ms
[4/2/2026, 20:29:59] POST /api/v2/users/login 401 138 - 203.877 ms
[6/2/2026, 16:15:20] GET /users/views 302 47 - 4.427 ms
[6/2/2026, 16:15:20] GET /users/views/login 200 3813 - 43.069 ms
[6/2/2026, 16:17:19] GET /users/views 302 47 - 5.020 ms
[6/2/2026, 16:17:19] GET /users/views/login 200 3813 - 34.644 ms
[6/2/2026, 16:19:12] GET /users/views 302 47 - 5.365 ms
[6/2/2026, 16:19:12] GET /users/views/login 200 3813 - 28.843 ms
[6/2/2026, 16:19:24] POST /users/views/login 200 3960 - 144.578 ms
[6/2/2026, 16:19:31] POST /users/views/login 302 41 - 208.320 ms
[6/2/2026, 16:19:31] GET /users/views 200 8631 - 140.097 ms
[6/2/2026, 16:24:57] GET /enrollments/views 200 3518 - 324.241 ms
[6/2/2026, 16:25:06] GET /enrollments/views/69838a94757c0a2296982418 200 3706 - 262.788 ms
[6/2/2026, 16:25:08] GET /enrollments/views/69838a94757c0a2296982418/edit 200 5055 - 1287.497 ms
[6/2/2026, 16:25:38] PUT /enrollments/views/69838a94757c0a2296982418?_method=PUT 302 47 - 512.252 ms
[6/2/2026, 16:25:38] GET /enrollments/views 200 3530 - 277.212 ms
[6/2/2026, 16:30:10] GET /enrollments/views 200 3530 - 341.987 ms
[6/2/2026, 16:30:12] GET /enrollments/views/69838a94757c0a2296982418 200 3733 - 251.088 ms
[6/2/2026, 16:30:14] GET /enrollments/views/69838a94757c0a2296982418/edit 200 5060 - 493.087 ms
[6/2/2026, 16:30:26] PUT /enrollments/views/69838a94757c0a2296982418?_method=PUT 302 47 - 503.525 ms
[6/2/2026, 16:30:26] GET /enrollments/views 200 3530 - 260.965 ms
[6/2/2026, 17:01:15] POST /api/v2/users/login 200 716 - 218.512 ms
[6/2/2026, 17:01:16] GET /api/v2/users 401 129 - 5.551 ms
[6/2/2026, 17:02:18] GET /api/v2/users 401 129 - 1.954 ms
[6/2/2026, 17:05:13] POST /api/v2/users/login 200 716 - 196.651 ms
[6/2/2026, 17:05:15] GET /api/v2/users 200 2985 - 117.236 ms
[6/2/2026, 17:05:46] GET /api/v2/users 200 2985 - 118.356 ms
[6/2/2026, 17:07:14] GET /api/v2/users 200 2985 - 114.346 ms
[6/2/2026, 17:07:29] POST /api/v2/users/login 200 716 - 179.419 ms
[6/2/2026, 17:07:31] GET /api/v2/users 200 2985 - 118.330 ms
[6/2/2026, 17:07:42] GET /api/v2/users 200 2985 - 117.667 ms
[6/2/2026, 17:07:57] GET /api/v2/users 200 2985 - 118.506 ms
[6/2/2026, 17:08:00] GET /api/v2/users 200 2985 - 125.149 ms
[6/2/2026, 17:08:13] GET /api/v2/users 200 2985 - 119.190 ms
[6/2/2026, 17:08:18] GET /api/v2/users 200 2985 - 113.587 ms
[6/2/2026, 17:14:32] GET /api/v2/users 200 2985 - 119.245 ms
[6/2/2026, 17:14:35] GET /api/v2/users 200 2985 - 129.055 ms
[6/2/2026, 17:14:39] GET /api/v2/users 200 2985 - 119.155 ms
[6/2/2026, 17:15:09] GET /api/v2/users 200 2985 - 142.269 ms
[6/2/2026, 17:15:15] GET /api/v2/users 200 2985 - 120.042 ms
[6/2/2026, 17:15:18] GET /api/v2/users 200 2985 - 163.188 ms
[6/2/2026, 17:15:20] GET /api/v2/users 200 2985 - 119.246 ms
[6/2/2026, 17:15:22] GET /api/v2/users 200 2985 - 114.967 ms
[9/2/2026, 19:23:35] POST /api/v2/users/login 200 716 - 251.251 ms
[9/2/2026, 19:23:37] GET /api/v2/users 200 2594 - 121.906 ms
[9/2/2026, 19:23:39] GET /api/v2/users/show/69838514f4a926af4112eaea 200 346 - 125.462 ms
[9/2/2026, 19:24:01] PUT /api/v2/users/69838514f4a926af4112eaea 200 343 - 121.752 ms
[9/2/2026, 19:24:02] GET /api/v2/users 200 2591 - 119.363 ms
[9/2/2026, 19:24:08] GET /api/v2/users/show/69838514f4a926af4112eaea 200 343 - 117.858 ms
[9/2/2026, 19:24:17] GET /api/v2/users 200 2591 - 145.664 ms
[9/2/2026, 19:24:27] DELETE /api/v2/users/69884dd3b9aee99d46abc2c7 200 333 - 132.409 ms
[9/2/2026, 19:24:29] GET /api/v2/users 200 2230 - 123.060 ms
[9/2/2026, 19:24:38] GET /api/v2/users 200 2230 - 115.153 ms
[9/2/2026, 19:32:49] POST /api/v2/users/login 200 716 - 211.424 ms
[9/2/2026, 19:32:51] GET /api/v2/users 200 2230 - 117.100 ms
[9/2/2026, 19:32:57] GET /api/v2/courses 200 764 - 115.860 ms
[9/2/2026, 19:33:02] GET /api/v2/courses/show/69838515f4a926af4112eaed 200 373 - 116.797 ms
[9/2/2026, 19:33:08] GET /api/v2/courses 200 764 - 203.894 ms
[9/2/2026, 19:33:10] GET /api/v2/courses/show/69838515f4a926af4112eaee 200 337 - 129.819 ms
[9/2/2026, 19:33:20] PUT /api/v2/courses/69838515f4a926af4112eaee 200 337 - 131.610 ms
[9/2/2026, 19:33:22] GET /api/v2/courses 200 764 - 117.782 ms
[9/2/2026, 19:43:55] GET /api/v2/courses 200 764 - 125.834 ms
[9/2/2026, 19:44:43] GET /api/v2/courses 200 764 - 117.280 ms
[9/2/2026, 20:20:42] POST /api/v2/users/register 201 415 - 272.442 ms
[9/2/2026, 20:22:06] POST /api/v2/users/register 201 417 - 187.771 ms
[9/2/2026, 20:22:08] GET /api/v2/users 200 2962 - 120.667 ms
[9/2/2026, 20:22:16] GET /api/v2/users/show/698a33dec20c3b19784a8bef 200 339 - 121.539 ms
[9/2/2026, 20:22:18] GET /api/v2/users 200 2962 - 133.010 ms
[9/2/2026, 20:25:07] GET /api/v2/users 200 2962 - 115.368 ms
[9/2/2026, 20:28:37] GET /api/v2/users 200 2591 - 122.529 ms
[9/2/2026, 20:28:38] GET /api/v2/users/show/698a33dec20c3b19784a8bef 200 339 - 118.265 ms
[9/2/2026, 20:28:39] GET /api/v2/users 200 2591 - 120.313 ms
[9/2/2026, 20:28:49] GET /api/v2/users 200 2591 - 121.633 ms
